[0.033s] Invoking command in '/my_folder/build/erl1': CMAKE_PREFIX_PATH=${CMAKE_PREFIX_PATH}:/opt/ros/jazzy /usr/bin/cmake --build /my_folder/build/erl1 -- -j12 -l12
[0.161s] Invoked command in '/my_folder/build/erl1' returned '0': CMAKE_PREFIX_PATH=${CMAKE_PREFIX_PATH}:/opt/ros/jazzy /usr/bin/cmake --build /my_folder/build/erl1 -- -j12 -l12
[0.193s] Invoking command in '/my_folder/build/erl1': CMAKE_PREFIX_PATH=${CMAKE_PREFIX_PATH}:/opt/ros/jazzy /usr/bin/cmake --install /my_folder/build/erl1
[0.219s] -- Install configuration: ""
[0.219s] -- Up-to-date: /my_folder/install/erl1/share/erl1/launch
[0.220s] -- Up-to-date: /my_folder/install/erl1/share/erl1/launch/my_launch.py
[0.220s] -- Up-to-date: /my_folder/install/erl1/share/erl1/launch/rviz_launch.py
[0.220s] -- Up-to-date: /my_folder/install/erl1/share/erl1/launch/spawn_robot.launch.py
[0.220s] -- Up-to-date: /my_folder/install/erl1/share/erl1/worlds
[0.220s] -- Up-to-date: /my_folder/install/erl1/share/erl1/worlds/my_world.sdf
[0.221s] -- Up-to-date: /my_folder/install/erl1/share/erl1/worlds/empty.sdf
[0.221s] -- Up-to-date: /my_folder/install/erl1/share/erl1/rviz
[0.221s] -- Up-to-date: /my_folder/install/erl1/share/erl1/rviz/urdf.rviz
[0.221s] -- Up-to-date: /my_folder/install/erl1/share/erl1/urdf
[0.222s] -- Installing: /my_folder/install/erl1/share/erl1/urdf/erl1.urdf
[0.222s] -- Up-to-date: /my_folder/install/erl1/share/erl1/urdf/erl1.gazebo
[0.223s] -- Up-to-date: /my_folder/install/erl1/share/erl1/meshes
[0.223s] -- Up-to-date: /my_folder/install/erl1/share/ament_index/resource_index/package_run_dependencies/erl1
[0.224s] -- Up-to-date: /my_folder/install/erl1/share/ament_index/resource_index/parent_prefix_path/erl1
[0.224s] -- Up-to-date: /my_folder/install/erl1/share/erl1/environment/ament_prefix_path.sh
[0.225s] -- Up-to-date: /my_folder/install/erl1/share/erl1/environment/ament_prefix_path.dsv
[0.225s] -- Up-to-date: /my_folder/install/erl1/share/erl1/environment/path.sh
[0.225s] -- Up-to-date: /my_folder/install/erl1/share/erl1/environment/path.dsv
[0.226s] -- Up-to-date: /my_folder/install/erl1/share/erl1/local_setup.bash
[0.226s] -- Up-to-date: /my_folder/install/erl1/share/erl1/local_setup.sh
[0.226s] -- Up-to-date: /my_folder/install/erl1/share/erl1/local_setup.zsh
[0.226s] -- Up-to-date: /my_folder/install/erl1/share/erl1/local_setup.dsv
[0.226s] -- Installing: /my_folder/install/erl1/share/erl1/package.dsv
[0.226s] -- Up-to-date: /my_folder/install/erl1/share/ament_index/resource_index/packages/erl1
[0.226s] -- Up-to-date: /my_folder/install/erl1/share/erl1/cmake/erl1Config.cmake
[0.227s] -- Up-to-date: /my_folder/install/erl1/share/erl1/cmake/erl1Config-version.cmake
[0.227s] -- Up-to-date: /my_folder/install/erl1/share/erl1/package.xml
[0.230s] Invoked command in '/my_folder/build/erl1' returned '0': CMAKE_PREFIX_PATH=${CMAKE_PREFIX_PATH}:/opt/ros/jazzy /usr/bin/cmake --install /my_folder/build/erl1
