-- Install configuration: ""
-- Up-to-date: /my_folder/install/erl1/share/erl1/launch
-- Up-to-date: /my_folder/install/erl1/share/erl1/launch/my_launch.py
-- Installing: /my_folder/install/erl1/share/erl1/launch/rviz_launch.py
-- Up-to-date: /my_folder/install/erl1/share/erl1/launch/spawn_robot.launch.py
-- Up-to-date: /my_folder/install/erl1/share/erl1/worlds
-- Up-to-date: /my_folder/install/erl1/share/erl1/worlds/my_world.sdf
-- Up-to-date: /my_folder/install/erl1/share/erl1/worlds/empty.sdf
-- Up-to-date: /my_folder/install/erl1/share/erl1/rviz
-- Up-to-date: /my_folder/install/erl1/share/erl1/rviz/urdf.rviz
-- Up-to-date: /my_folder/install/erl1/share/erl1/urdf
-- Installing: /my_folder/install/erl1/share/erl1/urdf/erl1.urdf
-- Up-to-date: /my_folder/install/erl1/share/erl1/urdf/erl1.gazebo
-- Up-to-date: /my_folder/install/erl1/share/erl1/meshes
-- Up-to-date: /my_folder/install/erl1/share/ament_index/resource_index/package_run_dependencies/erl1
-- Up-to-date: /my_folder/install/erl1/share/ament_index/resource_index/parent_prefix_path/erl1
-- Up-to-date: /my_folder/install/erl1/share/erl1/environment/ament_prefix_path.sh
-- Up-to-date: /my_folder/install/erl1/share/erl1/environment/ament_prefix_path.dsv
-- Up-to-date: /my_folder/install/erl1/share/erl1/environment/path.sh
-- Up-to-date: /my_folder/install/erl1/share/erl1/environment/path.dsv
-- Up-to-date: /my_folder/install/erl1/share/erl1/local_setup.bash
-- Up-to-date: /my_folder/install/erl1/share/erl1/local_setup.sh
-- Up-to-date: /my_folder/install/erl1/share/erl1/local_setup.zsh
-- Up-to-date: /my_folder/install/erl1/share/erl1/local_setup.dsv
-- Installing: /my_folder/install/erl1/share/erl1/package.dsv
-- Up-to-date: /my_folder/install/erl1/share/ament_index/resource_index/packages/erl1
-- Up-to-date: /my_folder/install/erl1/share/erl1/cmake/erl1Config.cmake
-- Up-to-date: /my_folder/install/erl1/share/erl1/cmake/erl1Config-version.cmake
-- Up-to-date: /my_folder/install/erl1/share/erl1/package.xml
