[0.058s] Invoking command in '/my_folder/build/erl1': CMAKE_PREFIX_PATH=${CMAKE_PREFIX_PATH}:/opt/ros/jazzy /usr/bin/cmake /my_folder/erl1 -DCMAKE_INSTALL_PREFIX=/my_folder/install/erl1
[0.442s] -- The C compiler identification is GNU 13.3.0
[0.716s] -- The CXX compiler identification is GNU 13.3.0
[0.781s] -- Detecting C compiler ABI info
[1.081s] -- Detecting C compiler ABI info - done
[1.097s] -- Check for working C compiler: /usr/bin/cc - skipped
[1.099s] -- Detecting C compile features
[1.100s] -- Detecting C compile features - done
[1.129s] -- Detecting CXX compiler ABI info
[1.441s] -- Detecting CXX compiler ABI info - done
[1.458s] -- Check for working CXX compiler: /usr/bin/c++ - skipped
[1.458s] -- Detecting CXX compile features
[1.459s] -- Detecting CXX compile features - done
[1.533s] -- Found ament_cmake: 2.5.4 (/opt/ros/jazzy/share/ament_cmake/cmake)
[1.981s] -- Found Python3: /usr/bin/python3 (found version "3.12.3") found components: Interpreter 
[2.492s] -- Found ament_lint_auto: 0.17.3 (/opt/ros/jazzy/share/ament_lint_auto/cmake)
[2.861s] -- Added test 'flake8' to check Python code syntax and style conventions
[2.861s] -- Configured 'flake8' exclude dirs and/or files: 
[2.868s] -- Added test 'lint_cmake' to check CMake code style
[2.873s] -- Added test 'pep257' to check Python code against some of the docstring style conventions in PEP 257
[2.893s] -- Added test 'xmllint' to check XML markup files
[2.902s] -- Configuring done (2.8s)
[2.922s] -- Generating done (0.0s)
[2.929s] -- Build files have been written to: /my_folder/build/erl1
[2.941s] Invoked command in '/my_folder/build/erl1' returned '0': CMAKE_PREFIX_PATH=${CMAKE_PREFIX_PATH}:/opt/ros/jazzy /usr/bin/cmake /my_folder/erl1 -DCMAKE_INSTALL_PREFIX=/my_folder/install/erl1
[2.943s] Invoking command in '/my_folder/build/erl1': CMAKE_PREFIX_PATH=${CMAKE_PREFIX_PATH}:/opt/ros/jazzy /usr/bin/cmake --build /my_folder/build/erl1 -- -j12 -l12
[3.079s] Invoked command in '/my_folder/build/erl1' returned '0': CMAKE_PREFIX_PATH=${CMAKE_PREFIX_PATH}:/opt/ros/jazzy /usr/bin/cmake --build /my_folder/build/erl1 -- -j12 -l12
[3.111s] Invoking command in '/my_folder/build/erl1': CMAKE_PREFIX_PATH=${CMAKE_PREFIX_PATH}:/opt/ros/jazzy /usr/bin/cmake --install /my_folder/build/erl1
[3.141s] -- Install configuration: ""
[3.142s] -- Installing: /my_folder/install/erl1/share/erl1/launch
[3.146s] -- Installing: /my_folder/install/erl1/share/erl1/launch/my_launch.py
[3.147s] -- Installing: /my_folder/install/erl1/share/erl1/launch/rviz_launch.py
[3.147s] -- Installing: /my_folder/install/erl1/share/erl1/launch/spawn_robot.launch.py
[3.148s] -- Installing: /my_folder/install/erl1/share/erl1/worlds
[3.149s] -- Installing: /my_folder/install/erl1/share/erl1/worlds/my_world.sdf
[3.150s] -- Installing: /my_folder/install/erl1/share/erl1/worlds/empty.sdf
[3.151s] -- Installing: /my_folder/install/erl1/share/erl1/rviz
[3.152s] -- Installing: /my_folder/install/erl1/share/erl1/rviz/urdf.rviz
[3.152s] -- Installing: /my_folder/install/erl1/share/erl1/urdf
[3.153s] -- Installing: /my_folder/install/erl1/share/erl1/urdf/erl1.urdf
[3.154s] -- Installing: /my_folder/install/erl1/share/erl1/urdf/erl1.gazebo
[3.154s] -- Installing: /my_folder/install/erl1/share/erl1/meshes
[3.158s] -- Installing: /my_folder/install/erl1/share/ament_index/resource_index/package_run_dependencies/erl1
[3.159s] -- Installing: /my_folder/install/erl1/share/ament_index/resource_index/parent_prefix_path/erl1
[3.161s] -- Installing: /my_folder/install/erl1/share/erl1/environment/ament_prefix_path.sh
[3.162s] -- Installing: /my_folder/install/erl1/share/erl1/environment/ament_prefix_path.dsv
[3.162s] -- Installing: /my_folder/install/erl1/share/erl1/environment/path.sh
[3.163s] -- Installing: /my_folder/install/erl1/share/erl1/environment/path.dsv
[3.164s] -- Installing: /my_folder/install/erl1/share/erl1/local_setup.bash
[3.164s] -- Installing: /my_folder/install/erl1/share/erl1/local_setup.sh
[3.165s] -- Installing: /my_folder/install/erl1/share/erl1/local_setup.zsh
[3.166s] -- Installing: /my_folder/install/erl1/share/erl1/local_setup.dsv
[3.166s] -- Installing: /my_folder/install/erl1/share/erl1/package.dsv
[3.168s] -- Installing: /my_folder/install/erl1/share/ament_index/resource_index/packages/erl1
[3.169s] -- Installing: /my_folder/install/erl1/share/erl1/cmake/erl1Config.cmake
[3.170s] -- Installing: /my_folder/install/erl1/share/erl1/cmake/erl1Config-version.cmake
[3.170s] -- Installing: /my_folder/install/erl1/share/erl1/package.xml
[3.176s] Invoked command in '/my_folder/build/erl1' returned '0': CMAKE_PREFIX_PATH=${CMAKE_PREFIX_PATH}:/opt/ros/jazzy /usr/bin/cmake --install /my_folder/build/erl1
