[0.287s] DEBUG:colcon:Command line arguments: ['/usr/bin/colcon', 'build']
[0.287s] DEBUG:colcon:Parsed command line arguments: Namespace(log_base=None, log_level=None, verb_name='build', build_base='build', install_base='install', merge_install=False, symlink_install=False, test_result_base=None, continue_on_error=False, executor='parallel', parallel_workers=12, event_handlers=None, ignore_user_meta=False, metas=['./colcon.meta'], base_paths=['.'], packages_ignore=None, packages_ignore_regex=None, paths=None, packages_up_to=None, packages_up_to_regex=None, packages_above=None, packages_above_and_dependencies=None, packages_above_depth=None, packages_select_by_dep=None, packages_skip_by_dep=None, packages_skip_up_to=None, packages_select_build_failed=False, packages_skip_build_finished=False, packages_select_test_failures=False, packages_skip_test_passed=False, packages_select=None, packages_skip=None, packages_select_regex=None, packages_skip_regex=None, packages_start=None, packages_end=None, cmake_args=None, cmake_target=None, cmake_target_skip_unavailable=False, cmake_clean_cache=False, cmake_clean_first=False, cmake_force_configure=False, ament_cmake_args=None, catkin_cmake_args=None, catkin_skip_building_tests=False, mixin_files=None, mixin=None, verb_parser=<colcon_mixin.mixin.mixin_argument.MixinArgumentDecorator object at 0x7412714be000>, verb_extension=<colcon_core.verb.build.BuildVerb object at 0x741271461010>, main=<bound method BuildVerb.main of <colcon_core.verb.build.BuildVerb object at 0x741271461010>>, mixin_verb=('build',))
[0.382s] Level 1:colcon.colcon_core.package_discovery:discover_packages(colcon_meta) check parameters
[0.383s] INFO:colcon.colcon_metadata.package_discovery.colcon_meta:Using configuration from '/root/.colcon/metadata/default/Gazebo.meta'
[0.383s] INFO:colcon.colcon_metadata.package_discovery.colcon_meta:Using configuration from '/root/.colcon/metadata/default/fastdds.meta'
[0.384s] INFO:colcon.colcon_metadata.package_discovery.colcon_meta:Using configuration from '/root/.colcon/metadata/default/fastrtps.meta'
[0.384s] Level 1:colcon.colcon_core.package_discovery:discover_packages(recursive) check parameters
[0.384s] Level 1:colcon.colcon_core.package_discovery:discover_packages(ignore) check parameters
[0.384s] Level 1:colcon.colcon_core.package_discovery:discover_packages(path) check parameters
[0.384s] Level 1:colcon.colcon_core.package_discovery:discover_packages(colcon_meta) discover
[0.385s] Level 1:colcon.colcon_core.package_discovery:discover_packages(recursive) discover
[0.385s] INFO:colcon.colcon_core.package_discovery:Crawling recursively for packages in '/my_folder'
[0.385s] Level 1:colcon.colcon_core.package_identification:_identify(.) by extensions ['ignore', 'ignore_ament_install']
[0.385s] Level 1:colcon.colcon_core.package_identification:_identify(.) by extension 'ignore'
[0.385s] Level 1:colcon.colcon_core.package_identification:_identify(.) by extension 'ignore_ament_install'
[0.385s] Level 1:colcon.colcon_core.package_identification:_identify(.) by extensions ['colcon_pkg']
[0.386s] Level 1:colcon.colcon_core.package_identification:_identify(.) by extension 'colcon_pkg'
[0.386s] Level 1:colcon.colcon_core.package_identification:_identify(.) by extensions ['colcon_meta']
[0.386s] Level 1:colcon.colcon_core.package_identification:_identify(.) by extension 'colcon_meta'
[0.386s] Level 1:colcon.colcon_core.package_identification:_identify(.) by extensions ['ros']
[0.386s] Level 1:colcon.colcon_core.package_identification:_identify(.) by extension 'ros'
[0.442s] Level 1:colcon.colcon_core.package_identification:_identify(.) by extensions ['cmake', 'python']
[0.442s] Level 1:colcon.colcon_core.package_identification:_identify(.) by extension 'cmake'
[0.442s] Level 1:colcon.colcon_core.package_identification:_identify(.) by extension 'python'
[0.442s] Level 1:colcon.colcon_core.package_identification:_identify(.) by extensions ['python_setup_py']
[0.442s] Level 1:colcon.colcon_core.package_identification:_identify(.) by extension 'python_setup_py'
[0.443s] Level 1:colcon.colcon_core.package_identification:_identify(build) by extensions ['ignore', 'ignore_ament_install']
[0.443s] Level 1:colcon.colcon_core.package_identification:_identify(build) by extension 'ignore'
[0.443s] Level 1:colcon.colcon_core.package_identification:_identify(build) ignored
[0.443s] Level 1:colcon.colcon_core.package_identification:_identify(erl1) by extensions ['ignore', 'ignore_ament_install']
[0.443s] Level 1:colcon.colcon_core.package_identification:_identify(erl1) by extension 'ignore'
[0.443s] Level 1:colcon.colcon_core.package_identification:_identify(erl1) by extension 'ignore_ament_install'
[0.444s] Level 1:colcon.colcon_core.package_identification:_identify(erl1) by extensions ['colcon_pkg']
[0.444s] Level 1:colcon.colcon_core.package_identification:_identify(erl1) by extension 'colcon_pkg'
[0.444s] Level 1:colcon.colcon_core.package_identification:_identify(erl1) by extensions ['colcon_meta']
[0.444s] Level 1:colcon.colcon_core.package_identification:_identify(erl1) by extension 'colcon_meta'
[0.444s] Level 1:colcon.colcon_core.package_identification:_identify(erl1) by extensions ['ros']
[0.444s] Level 1:colcon.colcon_core.package_identification:_identify(erl1) by extension 'ros'
[0.448s] DEBUG:colcon.colcon_core.package_identification:Package 'erl1' with type 'ros.ament_cmake' and name 'erl1'
[0.448s] Level 1:colcon.colcon_core.package_identification:_identify(install) by extensions ['ignore', 'ignore_ament_install']
[0.448s] Level 1:colcon.colcon_core.package_identification:_identify(install) by extension 'ignore'
[0.449s] Level 1:colcon.colcon_core.package_identification:_identify(install) ignored
[0.449s] Level 1:colcon.colcon_core.package_identification:_identify(log) by extensions ['ignore', 'ignore_ament_install']
[0.449s] Level 1:colcon.colcon_core.package_identification:_identify(log) by extension 'ignore'
[0.449s] Level 1:colcon.colcon_core.package_identification:_identify(log) ignored
[0.449s] Level 1:colcon.colcon_core.package_discovery:discover_packages(recursive) using defaults
[0.449s] Level 1:colcon.colcon_core.package_discovery:discover_packages(ignore) discover
[0.449s] Level 1:colcon.colcon_core.package_discovery:discover_packages(ignore) using defaults
[0.449s] Level 1:colcon.colcon_core.package_discovery:discover_packages(path) discover
[0.449s] Level 1:colcon.colcon_core.package_discovery:discover_packages(path) using defaults
[0.487s] Level 5:colcon.colcon_core.verb:set package 'erl1' build argument 'cmake_args' from command line to 'None'
[0.487s] Level 5:colcon.colcon_core.verb:set package 'erl1' build argument 'cmake_target' from command line to 'None'
[0.487s] Level 5:colcon.colcon_core.verb:set package 'erl1' build argument 'cmake_target_skip_unavailable' from command line to 'False'
[0.487s] Level 5:colcon.colcon_core.verb:set package 'erl1' build argument 'cmake_clean_cache' from command line to 'False'
[0.487s] Level 5:colcon.colcon_core.verb:set package 'erl1' build argument 'cmake_clean_first' from command line to 'False'
[0.488s] Level 5:colcon.colcon_core.verb:set package 'erl1' build argument 'cmake_force_configure' from command line to 'False'
[0.488s] Level 5:colcon.colcon_core.verb:set package 'erl1' build argument 'ament_cmake_args' from command line to 'None'
[0.488s] Level 5:colcon.colcon_core.verb:set package 'erl1' build argument 'catkin_cmake_args' from command line to 'None'
[0.488s] Level 5:colcon.colcon_core.verb:set package 'erl1' build argument 'catkin_skip_building_tests' from command line to 'False'
[0.488s] DEBUG:colcon.colcon_core.verb:Building package 'erl1' with the following arguments: {'ament_cmake_args': None, 'build_base': '/my_folder/build/erl1', 'catkin_cmake_args': None, 'catkin_skip_building_tests': False, 'cmake_args': None, 'cmake_clean_cache': False, 'cmake_clean_first': False, 'cmake_force_configure': False, 'cmake_target': None, 'cmake_target_skip_unavailable': False, 'install_base': '/my_folder/install/erl1', 'merge_install': False, 'path': '/my_folder/erl1', 'symlink_install': False, 'test_result_base': None}
[0.488s] INFO:colcon.colcon_core.executor:Executing jobs using 'parallel' executor
[0.491s] DEBUG:colcon.colcon_parallel_executor.executor.parallel:run_until_complete
[0.492s] INFO:colcon.colcon_ros.task.ament_cmake.build:Building ROS package in '/my_folder/erl1' with build type 'ament_cmake'
[0.492s] INFO:colcon.colcon_cmake.task.cmake.build:Building CMake package in '/my_folder/erl1'
[0.498s] INFO:colcon.colcon_core.plugin_system:Skipping extension 'colcon_core.shell.bat': Not used on non-Windows systems
[0.498s] INFO:colcon.colcon_core.shell:Skip shell extension 'powershell' for command environment: Not usable outside of PowerShell
[0.499s] DEBUG:colcon.colcon_core.shell:Skip shell extension 'dsv' for command environment
[0.530s] DEBUG:colcon.colcon_core.event_handler.log_command:Invoking command in '/my_folder/build/erl1': CMAKE_PREFIX_PATH=${CMAKE_PREFIX_PATH}:/opt/ros/jazzy /usr/bin/cmake --build /my_folder/build/erl1 -- -j12 -l12
[0.678s] DEBUG:colcon.colcon_core.event_handler.log_command:Invoked command in '/my_folder/build/erl1' returned '0': CMAKE_PREFIX_PATH=${CMAKE_PREFIX_PATH}:/opt/ros/jazzy /usr/bin/cmake --build /my_folder/build/erl1 -- -j12 -l12
[0.716s] DEBUG:colcon.colcon_core.event_handler.log_command:Invoking command in '/my_folder/build/erl1': CMAKE_PREFIX_PATH=${CMAKE_PREFIX_PATH}:/opt/ros/jazzy /usr/bin/cmake --install /my_folder/build/erl1
[0.755s] Level 1:colcon.colcon_core.environment:create_environment_scripts_only(erl1)
[0.756s] DEBUG:colcon.colcon_core.event_handler.log_command:Invoked command in '/my_folder/build/erl1' returned '0': CMAKE_PREFIX_PATH=${CMAKE_PREFIX_PATH}:/opt/ros/jazzy /usr/bin/cmake --install /my_folder/build/erl1
[0.763s] Level 1:colcon.colcon_core.environment:checking '/my_folder/install/erl1' for CMake module files
[0.764s] Level 1:colcon.colcon_core.environment:checking '/my_folder/install/erl1' for CMake config files
[0.765s] Level 1:colcon.colcon_core.shell:create_environment_hook('erl1', 'cmake_prefix_path')
[0.765s] INFO:colcon.colcon_core.shell:Creating environment hook '/my_folder/install/erl1/share/erl1/hook/cmake_prefix_path.ps1'
[0.767s] INFO:colcon.colcon_core.shell:Creating environment descriptor '/my_folder/install/erl1/share/erl1/hook/cmake_prefix_path.dsv'
[0.768s] INFO:colcon.colcon_core.shell:Creating environment hook '/my_folder/install/erl1/share/erl1/hook/cmake_prefix_path.sh'
[0.769s] Level 1:colcon.colcon_core.environment:checking '/my_folder/install/erl1/bin'
[0.769s] Level 1:colcon.colcon_core.environment:checking '/my_folder/install/erl1/lib/pkgconfig/erl1.pc'
[0.773s] Level 1:colcon.colcon_core.environment:checking '/my_folder/install/erl1/lib/python3.12/site-packages'
[0.774s] Level 1:colcon.colcon_core.environment:checking '/my_folder/install/erl1/bin'
[0.774s] INFO:colcon.colcon_core.shell:Creating package script '/my_folder/install/erl1/share/erl1/package.ps1'
[0.775s] INFO:colcon.colcon_core.shell:Creating package descriptor '/my_folder/install/erl1/share/erl1/package.dsv'
[0.776s] INFO:colcon.colcon_core.shell:Creating package script '/my_folder/install/erl1/share/erl1/package.sh'
[0.778s] INFO:colcon.colcon_core.shell:Creating package script '/my_folder/install/erl1/share/erl1/package.bash'
[0.779s] INFO:colcon.colcon_core.shell:Creating package script '/my_folder/install/erl1/share/erl1/package.zsh'
[0.780s] Level 1:colcon.colcon_core.environment:create_file_with_runtime_dependencies(/my_folder/install/erl1/share/colcon-core/packages/erl1)
[0.781s] Level 1:colcon.colcon_core.environment:create_environment_scripts_only(erl1)
[0.781s] Level 1:colcon.colcon_core.environment:checking '/my_folder/install/erl1' for CMake module files
[0.782s] Level 1:colcon.colcon_core.environment:checking '/my_folder/install/erl1' for CMake config files
[0.783s] Level 1:colcon.colcon_core.shell:create_environment_hook('erl1', 'cmake_prefix_path')
[0.783s] INFO:colcon.colcon_core.shell:Creating environment hook '/my_folder/install/erl1/share/erl1/hook/cmake_prefix_path.ps1'
[0.784s] INFO:colcon.colcon_core.shell:Creating environment descriptor '/my_folder/install/erl1/share/erl1/hook/cmake_prefix_path.dsv'
[0.785s] INFO:colcon.colcon_core.shell:Creating environment hook '/my_folder/install/erl1/share/erl1/hook/cmake_prefix_path.sh'
[0.786s] Level 1:colcon.colcon_core.environment:checking '/my_folder/install/erl1/bin'
[0.786s] Level 1:colcon.colcon_core.environment:checking '/my_folder/install/erl1/lib/pkgconfig/erl1.pc'
[0.786s] Level 1:colcon.colcon_core.environment:checking '/my_folder/install/erl1/lib/python3.12/site-packages'
[0.786s] Level 1:colcon.colcon_core.environment:checking '/my_folder/install/erl1/bin'
[0.787s] INFO:colcon.colcon_core.shell:Creating package script '/my_folder/install/erl1/share/erl1/package.ps1'
[0.788s] INFO:colcon.colcon_core.shell:Creating package descriptor '/my_folder/install/erl1/share/erl1/package.dsv'
[0.788s] INFO:colcon.colcon_core.shell:Creating package script '/my_folder/install/erl1/share/erl1/package.sh'
[0.789s] INFO:colcon.colcon_core.shell:Creating package script '/my_folder/install/erl1/share/erl1/package.bash'
[0.790s] INFO:colcon.colcon_core.shell:Creating package script '/my_folder/install/erl1/share/erl1/package.zsh'
[0.791s] Level 1:colcon.colcon_core.environment:create_file_with_runtime_dependencies(/my_folder/install/erl1/share/colcon-core/packages/erl1)
[0.792s] DEBUG:colcon.colcon_parallel_executor.executor.parallel:closing loop
[0.793s] DEBUG:colcon.colcon_parallel_executor.executor.parallel:loop closed
[0.793s] DEBUG:colcon.colcon_parallel_executor.executor.parallel:run_until_complete finished with '0'
[0.793s] DEBUG:colcon.colcon_core.event_reactor:joining thread
[0.809s] INFO:colcon.colcon_core.plugin_system:Skipping extension 'colcon_notification.desktop_notification.notify_send': Could not find 'notify-send'
[0.809s] INFO:colcon.colcon_core.plugin_system:Skipping extension 'colcon_notification.desktop_notification.terminal_notifier': Not used on non-Darwin systems
[0.809s] INFO:colcon.colcon_core.plugin_system:Skipping extension 'colcon_notification.desktop_notification.win32': Not used on non-Windows systems
[0.809s] INFO:colcon.colcon_notification.desktop_notification:Sending desktop notification using 'notify2'
[0.817s] DEBUG:colcon.colcon_notification.desktop_notification.notify2:Failed to initialize notify2: org.freedesktop.DBus.Error.Spawn.ExecFailed: /usr/bin/dbus-launch terminated abnormally without any error message
[0.818s] DEBUG:colcon.colcon_core.event_reactor:joined thread
[0.819s] INFO:colcon.colcon_core.shell:Creating prefix script '/my_folder/install/local_setup.ps1'
[0.821s] INFO:colcon.colcon_core.shell:Creating prefix util module '/my_folder/install/_local_setup_util_ps1.py'
[0.823s] INFO:colcon.colcon_core.shell:Creating prefix chain script '/my_folder/install/setup.ps1'
[0.826s] INFO:colcon.colcon_core.shell:Creating prefix script '/my_folder/install/local_setup.sh'
[0.827s] INFO:colcon.colcon_core.shell:Creating prefix util module '/my_folder/install/_local_setup_util_sh.py'
[0.829s] INFO:colcon.colcon_core.shell:Creating prefix chain script '/my_folder/install/setup.sh'
[0.831s] INFO:colcon.colcon_core.shell:Creating prefix script '/my_folder/install/local_setup.bash'
[0.832s] INFO:colcon.colcon_core.shell:Creating prefix chain script '/my_folder/install/setup.bash'
[0.834s] INFO:colcon.colcon_core.shell:Creating prefix script '/my_folder/install/local_setup.zsh'
[0.835s] INFO:colcon.colcon_core.shell:Creating prefix chain script '/my_folder/install/setup.zsh'
